DEBUG: Attempting to load project config from {current_working_directory}/.algokit.toml
DEBUG: No .algokit.toml file found in the project directory.
WARNING: Community templates have not been reviewed, and can execute arbitrary code.
Please inspect the template repository, and pay particular attention to the values of _tasks, _migrations and _jinja_extensions in copier.yml
? Continue anyway? (y/N)
DEBUG: template source = {test_parent_directory}/copier-helloworld.bundle
DEBUG: project path = {current_working_directory}/myapp
DEBUG: Attempting to load project config from {current_working_directory}/.algokit.toml
DEBUG: No .algokit.toml file found in the project directory.
Starting template copy and render at {current_working_directory}/myapp...
No git tags found in template; using HEAD as ref
DEBUG: final clone URL = {test_parent_directory}/copier-helloworld.bundle
Template render complete!
DEBUG: Attempting to load project config from {current_working_directory}/myapp/.algokit.toml
DEBUG: No .algokit.toml file found in the project directory.
Executed `algokit bootstrap all` in {current_working_directory}/myapp
DEBUG: Running 'git rev-parse --show-toplevel' in '{current_working_directory}/myapp'
DEBUG: git: fatal: not a git repository (or any of the parent directories): .git
DEBUG: Running 'git init' in '{current_working_directory}/myapp'
DEBUG: git: Initialized empty Git repository in {current_working_directory}/myapp/.git/
DEBUG: Running 'git checkout -b main' in '{current_working_directory}/myapp'
DEBUG: git: Switched to a new branch 'main'
DEBUG: Running 'git add --all' in '{current_working_directory}/myapp'
DEBUG: Running 'git commit -m Project initialised with AlgoKit CLI using template: {test_parent_directory}/copier-helloworld.bundle' in '{current_working_directory}/myapp'
DEBUG: git: [main (root-commit) {git_initial_commit_hash}] Project initialised with AlgoKit CLI using template: {test_parent_directory}/copier-helloworld.bundle
DEBUG: git: 1 file changed, 1 insertion(+)
DEBUG: git: create mode 100644 myapp/helloworld.txt
üéâ Performed initial git commit successfully! üéâ
üôå Project initialized at `myapp`! For template specific next steps, consult the documentation of your selected template üßê
