DEBUG: Running 'poetry --version' in '{current_working_directory}'
DEBUG: poetry: STDOUT
DEBUG: poetry: STDERR
DEBUG: Attempting to load project config from {current_working_directory}/.algokit.toml
DEBUG: No .algokit.toml file found in the project directory.
DEBUG: Attempting to load project config from {current_working_directory}/.algokit.toml
DEBUG: No .algokit.toml file found in the project directory.
DEBUG: Checking {current_working_directory} for bootstrapping needs
DEBUG: Attempting to load project config from {current_working_directory}/.algokit.toml
DEBUG: No .algokit.toml file found in the project directory.
DEBUG: Running `algokit project bootstrap npm`
Installing npm dependencies
DEBUG: Running 'npm install' in '{current_working_directory}'
npm: STDOUT
npm: STDERR
DEBUG: Skipping {current_working_directory}/package.json
Finished bootstrapping {current_working_directory}
