DEBUG: Running 'docker compose version --format json' in '{current_working_directory}'
DEBUG: docker: {"version": "v2.5.0"}
DEBUG: Running 'docker version' in '{current_working_directory}'
DEBUG: docker: STDOUT
DEBUG: docker: STDERR
DEBUG: Running 'docker image inspect makerxau/algorand-indexer-dev:latest --format {{index (split (index .RepoDigests 0) "@") 1}}' in '{app_config}/sandbox'
DEBUG: docker: sha256:bbbbbbbbbbbbbbbbbbbbbbbbbbbbbbbbbbbbbbbbbbbbbbbbbbbbbbbbbbbbbbbb
DEBUG: HTTP Request: GET https://registry.hub.docker.com/v2/repositories/makerxau/algorand-indexer-dev/tags/latest "HTTP/1.1 200 OK"
DEBUG: Running 'docker image inspect algorand/algod:latest --format {{index (split (index .RepoDigests 0) "@") 1}}' in '{app_config}/sandbox'
DEBUG: docker: sha256:aaaaaaaaaaaaaaaaaaaaaaaaaaaaaaaaaaaaaaaaaaaaaaaaaaaaaaaaaaaaaaaa
DEBUG: HTTP Request: GET https://registry.hub.docker.com/v2/repositories/algorand/algod/tags/latest "HTTP/1.1 200 OK"
WARNING: Sandbox definition is out of date; please run algokit localnet reset
Starting AlgoKit LocalNet now...
DEBUG: Running 'docker compose up --detach --quiet-pull --wait' in '{app_config}/sandbox'
docker: STDOUT
docker: STDERR
DEBUG: AlgoKit LocalNet started, waiting for health check
DEBUG: HTTP Request: GET http://localhost:4001/v2/status "HTTP/1.1 200 OK"
DEBUG: AlgoKit LocalNet health check successful, algod is ready
Started; execute `algokit explore` to explore LocalNet in a web user interface.

{app_config}/sandbox/docker-compose.yml
out of date config
{app_config}/sandbox/algod_config.json
out of date config
