version: "3"
name: "algokit_sandbox"

services:
  algod:
    container_name: "algokit_sandbox_algod"
    image: algorand/algod:latest
    ports:
      - 4001:8080
      - 4002:7833
      - 9392:9392
    environment:
      START_KMD: 1
      KMD_TOKEN: aaaaaaaaaaaaaaaaaaaaaaaaaaaaaaaaaaaaaaaaaaaaaaaaaaaaaaaaaaaaaaaa
      TOKEN: aaaaaaaaaaaaaaaaaaaaaaaaaaaaaaaaaaaaaaaaaaaaaaaaaaaaaaaaaaaaaaaa
      ADMIN_TOKEN: aaaaaaaaaaaaaaaaaaaaaaaaaaaaaaaaaaaaaaaaaaaaaaaaaaaaaaaaaaaaaaaa
      GOSSIP_PORT: 10000
    init: true
    volumes:
      - type: bind
        source: ./algod_config.json
        target: /etc/algorand/config.json
      - type: bind
        source: ./algod_network_template.json
        target: /etc/algorand/template.json
      - ./goal_mount:/root/goal_mount

  conduit:
    container_name: "algokit_sandbox_conduit"
    image: algorand/conduit:latest
    restart: unless-stopped
    volumes:
      - type: bind
        source: ./conduit.yml
        target: /etc/algorand/conduit.yml
    depends_on:
      - indexer-db
      - algod

  indexer-db:
    container_name: "algokit_sandbox_postgres"
    image: postgres:13-alpine
    ports:
      - 5443:5432
    user: postgres
    environment:
      POSTGRES_USER: algorand
      POSTGRES_PASSWORD: algorand
      POSTGRES_DB: indexerdb

  indexer:
    container_name: "algokit_sandbox_indexer"
    image: algorand/indexer:latest
    ports:
      - "8980:8980"
    restart: unless-stopped
    command: daemon --enable-all-parameters
    environment:
      INDEXER_POSTGRES_CONNECTION_STRING: "host=indexer-db port=5432 user=algorand password=algorand dbname=indexerdb sslmode=disable"
    depends_on:
      - conduit
