Usage: algokit completions [OPTIONS] COMMAND [ARGS]...

Options:
  -h, --help  Show this message and exit.

Commands:
  install    Install shell completions
  uninstall  Uninstall shell completions
