WARNING: No contract_project_13 found. Skipping...
