DEBUG: Deploying from project directory: {current_working_directory}
DEBUG: Loading deploy command from project config
DEBUG: Attempting to load project config from {current_working_directory}/.algokit.toml
DEBUG: No .algokit.toml file found in the project directory.
Error: Failed to resolve deploy command, 'gm' wasn't found
