DEBUG: HTTP Request: GET https://mainnet-api.algonode.cloud/genesis "HTTP/1.1 200 OK"
Starting deployment process on mainnet network...
Project directory: {current_working_directory}
Error: Deploy command is not specified in '.algokit.toml' file.
