HTTP Request: GET https://api.nf.domains/nfd/lookup?address=AAAAAAAAAAAAAAAAAAAAAAAAAAAAAAAAAAAAAAAAAAAAAAAAAAAAAAAAAA&view=thumbnail&allowUnverified=false "HTTP/1.1 200 OK"
dummy.algo
