Enter the mnemonic phrase (25 words separated by whitespace): 
[
  {
    "transaction_id": "YGSOMX5QSASQALR5V4MH47L4GEHFJZVGSUETJAWUFM2I6PJAQL4Q",
    "content": {
      "amt": 1,
      "fv": 33652328,
      "gen": "testnet-v1.0",
      "gh": "SGO1GKSzyE7IEPItTxCByw9x8FmnrCDexi9/cOUJOiI=",
      "lv": 33653328,
      "rcv": "ZbpO9Kb7j1+HWA9SYq/ObmT/gCJjP/EgZnT0aQUkxQI=",
      "snd": "ZbpO9Kb7j1+HWA9SYq/ObmT/gCJjP/EgZnT0aQUkxQI=",
      "type": "pay"
    }
  }
]
Would you like to proceed with signing the above? (y, n) [n]: y
[
  {
    "transaction_id": "YGSOMX5QSASQALR5V4MH47L4GEHFJZVGSUETJAWUFM2I6PJAQL4Q",
    "content": "gqNzaWfEQHHuPbhkAADyq8eKU/NiDCuJ+cnW9MrHT3iAAEPm+okmoio/rmgctA7QUpqqd4eF5aYlUcgz9EbU+uUXS1rFOg2jdHhuiKNhbXQBomZ2zgIBfmijZ2VurHRlc3RuZXQtdjEuMKJnaMQgSGO1GKSzyE7IEPItTxCByw9x8FmnrCDexi9/cOUJOiKibHbOAgGCUKNyY3bEIGW6TvSm+49fh1gPUmKvzm5k/4AiYz/xIGZ09GkFJMUCo3NuZMQgZbpO9Kb7j1+HWA9SYq/ObmT/gCJjP/EgZnT0aQUkxQKkdHlwZaNwYXk="
  }
]
