DEBUG: Running 'tealer --version' in '{current_working_directory}'
DEBUG: tealer: 0.1.2
Warning: This task uses `tealer` to suggest improvements for your TEAL programs, but remember to always test your smart contracts code, follow modern software engineering practices and use the guidelines for smart contract development. This should not be used as a substitute for an actual audit. Do you understand? [Y/n]: y
DEBUG: Running 'tealer --json {current_working_directory}/dummy_report.json detect --contracts {current_working_directory}/dummy.teal' in '{current_working_directory}'
DEBUG: tealer: Reading contract from file: "{current_working_directory}/dummy.teal"
DEBUG: tealer: json output is written to {current_working_directory}/dummy_report.json
ERROR: Diff detected in {current_working_directory}/dummy.teal! Please check the content of the snapshot report {current_working_directory}/dummy_report.json against the latest received report at {current_working_directory}/dummy_report.received.json.
