ğŸš¨ This is a destructive action that will clear all aliases. Are you sure? (y, n) [n]: y
All aliases have been cleared.
