DEBUG: Running 'tealer --version' in '{current_working_directory}'
DEBUG: tealer: 0.1.2
Warning: This task uses `tealer` to suggest improvements for your TEAL programs, but remember to always test your smart contracts code, follow modern software engineering practices and use the guidelines for smart contract development. This should not be used as a substitute for an actual audit. Do you understand? [Y/n]: y
DEBUG: Running 'tealer --json {current_working_directory}/dummy_0.teal detect --contracts {current_working_directory}/dummy_contracts/dummy_0.teal' in '{current_working_directory}'
DEBUG: tealer: Reading contract from file: "{current_working_directory}/dummy_contracts/dummy_0.teal"
DEBUG: tealer: json output is written to {current_working_directory}/dummy_0.teal
DEBUG: Running 'tealer --json {current_working_directory}/dummy_1.teal detect --contracts {current_working_directory}/dummy_contracts/dummy_1.teal' in '{current_working_directory}'
DEBUG: tealer: Reading contract from file: "{current_working_directory}/dummy_contracts/dummy_1.teal"
DEBUG: tealer: json output is written to {current_working_directory}/dummy_1.teal
DEBUG: Running 'tealer --json {current_working_directory}/dummy_2.teal detect --contracts {current_working_directory}/dummy_contracts/dummy_2.teal' in '{current_working_directory}'
DEBUG: tealer: Reading contract from file: "{current_working_directory}/dummy_contracts/dummy_2.teal"
DEBUG: tealer: json output is written to {current_working_directory}/dummy_2.teal
DEBUG: Running 'tealer --json {current_working_directory}/dummy_3.teal detect --contracts {current_working_directory}/dummy_contracts/dummy_3.teal' in '{current_working_directory}'
DEBUG: tealer: Reading contract from file: "{current_working_directory}/dummy_contracts/dummy_3.teal"
DEBUG: tealer: json output is written to {current_working_directory}/dummy_3.teal
DEBUG: Running 'tealer --json {current_working_directory}/dummy_4.teal detect --contracts {current_working_directory}/dummy_contracts/dummy_4.teal' in '{current_working_directory}'
DEBUG: tealer: Reading contract from file: "{current_working_directory}/dummy_contracts/dummy_4.teal"
DEBUG: tealer: json output is written to {current_working_directory}/dummy_4.teal

File: dummy_0.teal

Detector: is-deletable
Impact: High
Details: https://github.com/crytic/tealer/wiki/Detector-Documentation#deletable-application
Execution Paths (#Lines):
2-8->26-30->31-34->35-38->40-45->76-86->46-47

Detector: missing-fee-check
Impact: High
Details: https://github.com/crytic/tealer/wiki/Detector-Documentation#missing-fee-field-validation
Execution Paths (#Lines):
2-8->9-12->14-23->107-114->89-104->115-120->24-25,
2-8->26-30->31-34->35-38->40-45->76-86->46-47,
2-8->26-30->56-62

Detector: rekey-to
Impact: High
Details: https://github.com/crytic/tealer/wiki/Detector-Documentation#rekeyable-logicsig
Execution Paths (#Lines):
2-8->9-12->14-23->107-114->89-104->115-120->24-25,
2-8->26-30->31-34->35-38->40-45->76-86->46-47,
2-8->26-30->56-62

File: dummy_1.teal

Detector: is-deletable
Impact: High
Details: https://github.com/crytic/tealer/wiki/Detector-Documentation#deletable-application
Execution Paths (#Lines):
2-8->26-30->31-34->35-38->40-45->76-86->46-47

Detector: missing-fee-check
Impact: High
Details: https://github.com/crytic/tealer/wiki/Detector-Documentation#missing-fee-field-validation
Execution Paths (#Lines):
2-8->9-12->14-23->107-114->89-104->115-120->24-25,
2-8->26-30->31-34->35-38->40-45->76-86->46-47,
2-8->26-30->56-62

Detector: rekey-to
Impact: High
Details: https://github.com/crytic/tealer/wiki/Detector-Documentation#rekeyable-logicsig
Execution Paths (#Lines):
2-8->9-12->14-23->107-114->89-104->115-120->24-25,
2-8->26-30->31-34->35-38->40-45->76-86->46-47,
2-8->26-30->56-62

File: dummy_2.teal

Detector: is-deletable
Impact: High
Details: https://github.com/crytic/tealer/wiki/Detector-Documentation#deletable-application
Execution Paths (#Lines):
2-8->26-30->31-34->35-38->40-45->76-86->46-47

Detector: missing-fee-check
Impact: High
Details: https://github.com/crytic/tealer/wiki/Detector-Documentation#missing-fee-field-validation
Execution Paths (#Lines):
2-8->9-12->14-23->107-114->89-104->115-120->24-25,
2-8->26-30->31-34->35-38->40-45->76-86->46-47,
2-8->26-30->56-62

Detector: rekey-to
Impact: High
Details: https://github.com/crytic/tealer/wiki/Detector-Documentation#rekeyable-logicsig
Execution Paths (#Lines):
2-8->9-12->14-23->107-114->89-104->115-120->24-25,
2-8->26-30->31-34->35-38->40-45->76-86->46-47,
2-8->26-30->56-62

File: dummy_3.teal

Detector: is-deletable
Impact: High
Details: https://github.com/crytic/tealer/wiki/Detector-Documentation#deletable-application
Execution Paths (#Lines):
2-8->26-30->31-34->35-38->40-45->76-86->46-47

Detector: missing-fee-check
Impact: High
Details: https://github.com/crytic/tealer/wiki/Detector-Documentation#missing-fee-field-validation
Execution Paths (#Lines):
2-8->9-12->14-23->107-114->89-104->115-120->24-25,
2-8->26-30->31-34->35-38->40-45->76-86->46-47,
2-8->26-30->56-62

Detector: rekey-to
Impact: High
Details: https://github.com/crytic/tealer/wiki/Detector-Documentation#rekeyable-logicsig
Execution Paths (#Lines):
2-8->9-12->14-23->107-114->89-104->115-120->24-25,
2-8->26-30->31-34->35-38->40-45->76-86->46-47,
2-8->26-30->56-62

File: dummy_4.teal

Detector: is-deletable
Impact: High
Details: https://github.com/crytic/tealer/wiki/Detector-Documentation#deletable-application
Execution Paths (#Lines):
2-8->26-30->31-34->35-38->40-45->76-86->46-47

Detector: missing-fee-check
Impact: High
Details: https://github.com/crytic/tealer/wiki/Detector-Documentation#missing-fee-field-validation
Execution Paths (#Lines):
2-8->9-12->14-23->107-114->89-104->115-120->24-25,
2-8->26-30->31-34->35-38->40-45->76-86->46-47,
2-8->26-30->56-62

Detector: rekey-to
Impact: High
Details: https://github.com/crytic/tealer/wiki/Detector-Documentation#rekeyable-logicsig
Execution Paths (#Lines):
2-8->9-12->14-23->107-114->89-104->115-120->24-25,
2-8->26-30->31-34->35-38->40-45->76-86->46-47,
2-8->26-30->56-62

Total issues:
High: 15
Finished analyzing 5 files.
