Generating Python client code for application specified in {current_working_directory}/application.json and writing to hello_world_app_client.py
Output typed client for HelloWorldApp to hello_world_app_client.py
