DEBUG: Running 'npm list' in '{current_working_directory}'
DEBUG: npm: STDOUT
DEBUG: npm: STDERR
Generating TypeScript client code for application specified in {current_working_directory}/application.json and writing to client.ts
DEBUG: Running 'npx --yes {typed_client_package}@latest generate -a {current_working_directory}/application.json -o client.ts' in '{current_working_directory}'
DEBUG: npx: STDOUT
DEBUG: npx: STDERR
STDOUT
STDERR
Client generation failed for {current_working_directory}/application.json.
