DEBUG: Searching for project installed client generator
DEBUG: Running 'npm.cmd ls' in '{current_working_directory}'
DEBUG: npm.cmd: STDOUT
DEBUG: npm.cmd: STDERR
DEBUG: Searching for globally installed client generator
DEBUG: Running 'npm.cmd --global ls' in '{current_working_directory}'
DEBUG: npm.cmd: STDOUT
DEBUG: npm.cmd: STDERR
DEBUG: No matching installed client generator found, run client generator via npx
Generating TypeScript client code for application specified in {current_working_directory}/application.json and writing to client.py
DEBUG: Running 'npx.cmd --yes @algorandfoundation/algokit-client-generator@latest generate -a {current_working_directory}/application.json -o client.py' in '{current_working_directory}'
DEBUG: npx.cmd: STDOUT
DEBUG: npx.cmd: STDERR
STDOUT
STDERR
