DEBUG: Error logging out Failed to revoke token
Error: Error logging out
