ERROR: Please login first by running `algokit dispenser login` command
