DEBUG: Running 'poetry -V' in '{current_working_directory}'
DEBUG: Running 'pipx --version' in '{current_working_directory}'
DEBUG: Running '{python_base_path}/bin/python3 -m pipx --version' in '{current_working_directory}'
DEBUG: {python_base_path}/bin/python3: STDOUT
DEBUG: {python_base_path}/bin/python3: STDERR
DEBUG: Running '{python_base_path}/bin/python3 -m pipx install poetry' in '{current_working_directory}'
DEBUG: {python_base_path}/bin/python3: STDOUT
DEBUG: {python_base_path}/bin/python3: STDERR
Installing Python dependencies and setting up Python virtual environment via Poetry
DEBUG: Running 'poetry install' in '{current_working_directory}'
poetry: STDOUT
poetry: STDERR
