DEBUG: No .algokit.toml file found in the project directory.
DEBUG: Checking {current_working_directory} for bootstrapping needs
Finished bootstrapping {current_working_directory}
