DEBUG: Checking {current_working_directory} for bootstrapping needs
DEBUG: Running `algokit bootstrap npm`
DEBUG: Running 'node --version' in '{current_working_directory}'
DEBUG: node: v18.12.1
Installing npm dependencies
DEBUG: Running 'npm install' in '{current_working_directory}'
npm: STDOUT
npm: STDERR
Finished bootstrapping {current_working_directory}
