DEBUG: No .algokit.toml file found in the project directory.
Installing npm dependencies
DEBUG: Running 'npm install' in '{current_working_directory}'
Error: Failed to run `npm install` for {current_working_directory}/package.json. Is npm installed and available on PATH?
