DEBUG: No .algokit.toml file found in the project directory.
DEBUG: Checking {current_working_directory} for bootstrapping needs
DEBUG: Running `algokit bootstrap poetry`
DEBUG: Running 'poetry --version' in '{current_working_directory}'
DEBUG: poetry: STDOUT
DEBUG: poetry: STDERR
Installing Python dependencies and setting up Python virtual environment via Poetry
DEBUG: Running 'poetry install' in '{current_working_directory}'
poetry: STDOUT
poetry: STDERR
Finished bootstrapping {current_working_directory}
